python : 2026-02-15 
22:42:05.523 | INFO     | 
src.storage.db:init_db:11 - 
Initializing database...
At line:1 char:1
+ python test_detector.py > 
test_output.txt 2>&1
+ ~~~~~~~~~~~~~~~~~~~~~~~~~~
~~~~~~~~~~~~~~~~~~~~
    + CategoryInfo          
    : NotSpecified: (2026-  
  02-15 22:4...ing databa   
 se...:String) [], Remot    
eException
    + FullyQualifiedErrorId 
    : NativeCommandError
 
2026-02-15 22:42:05.535 | 
SUCCESS  | 
src.storage.db:init_db:13 - 
Database initialized.
2026-02-15 22:42:05.596 | 
INFO     | src.storage.db:se
ed_signals:34 - Signals 
seeded from config.
C:\Users\galan\emails_agent\
test_detector.py:17: 
DeprecationWarning: 
        \U0001f6a8 You 
probably want to use 
`session.exec()` instead of 
`session.query()`.

        `session.exec()` is 
SQLModel's own short 
version with increased type
        annotations.

        Or otherwise you 
might want to use 
`session.execute()` instead 
of
        `session.query()`.
        
  existing = session.query(C
ompany).filter(Company.domai
n == mock_domain).first()
2026-02-15 22:42:05.712 | 
INFO     | src.scoring.detec
tor:process_company:127 - 
Scored 
agent-testing-corp.com: 
Match level high_fit, 
Maturity: production_ready
Company: agent-testing-corp.com
Fitness Score: 34
Fitness Level: high_fit
Maturity Level: production_ready
Metadata: {"AGENT_PROD": {"intensity": 9.02, "count": 5, "matches": ["autonomous workflows", "multi agent coordination", "orchestration systems", "production agents", "agent governance"], "category": "AI_AGENT_MATURITY"}, "AGENT_CORE": {"intensity": 4.04, "count": 2, "matches": ["copilot", "prompt execution"], "category": "AI_AGENT_MATURITY"}, "LLM_API": {"intensity": 4.04, "count": 2, "matches": ["openai api", "langchain"], "category": "AI_AGENT_MATURITY"}, "AI_NATV": {"intensity": 4.0, "count": 1, "matches": ["ai startup"], "category": "MARKET_POSITION"}, "WKF_AUT": {"intensity": 3.0, "count": 1, "matches": ["workflow automation"], "category": "MARKET_POSITION"}, "DATA_S": {"intensity": 5.39, "count": 2, "matches": ["pii", "sensitive data"], "category": "ENTERPRISE_RISK"}, "COMP_L": {"intensity": 4.04, "count": 2, "matches": ["soc2", "hipaa"], "category": "ENTERPRISE_RISK"}, "FIN_HEA": {"intensity": 3.0, "count": 1, "matches": ["healthcare"], "category": "ENTERPRISE_RISK"}, "PRV_CLD": {"intensity": 5.39, "count": 2, "matches": ["private cloud", "air-gapped"], "category": "ENTERPRISE_RISK"}, "ENT_FOC": {"intensity": 2.0, "count": 1, "matches": ["enterprise plan"], "category": "ENTERPRISE_RISK"}}

Test completed (assertions skipped for debugging)!
